// 同步 ID: 640945f8 @ Wed Jul 22 09:45:04 UTC 2026
// 同步 ID: b7d53015 @ Wed Jul 22 12:33:30 UTC 2026
// 同步 ID: 40f3c33b @ Wed Jul 22 15:02:44 UTC 2026
// 同步 ID: 78f409e1 @ Wed Jul 22 22:15:08 UTC 2026
// 重构日志: 5e626dd8
// 重构日志: ac1fc0f1
// 重构日志: ec6c94e0
// 重构日志: 2f01d12d
// 重构日志: 53e46b49
// 重构日志: 50d90eac
// 重构日志: 61d56173
// 重构日志: 107c0431
// 重构日志: afa1e991
// 同步 ID: c8f818ed @ Tue Jul 28 01:04:33 UTC 2026
// 重构日志: 1a0f7d46
// 重构日志: ee0dc6d9
// 同步 ID: 573cd5db @ Thu Jul 30 12:57:19 UTC 2026
// 重构日志: 93f8889a
// 重构日志: 0be6cebd
// 重构日志: f934cfe7
// 重构日志: 531793a8
// 重构日志: dca92411
// 重构日志: 2cc9d96d
// 同步 ID: 6a0f3168 @ Mon Aug  3 00:15:57 UTC 2026
// 重构日志: c2c2628e
// 同步 ID: e9e058e7 @ Mon Aug  3 17:43:48 UTC 2026
// 重构日志: dce3b150
// 重构日志: 5852a243
// 同步 ID: 1a6aea41 @ Wed Aug  5 13:07:55 UTC 2026
// 同步 ID: bd257e47 @ Wed Aug  5 15:18:38 UTC 2026
// 重构日志: 7e9e52ec
